Using pre-set license
Built from '6000.0/staging' branch; Version is '6000.0.41f1 (46e447368a18) revision 4645959'; Using compiler version '193933523'; Build Type 'Release'
OS: 'Windows 11  (10.0.22631) 64bit Core' Language: 'en' Physical Memory: 7778 MB
BatchMode: 1, IsHumanControllingUs: 0, StartBugReporterOnCrash: 0, Is64bit: 1, IsPro: 1

COMMAND LINE ARGUMENTS:
C:\Program Files\Unity\Hub\Editor\6000.0.41f1\Editor\Unity.exe
-adb2
-batchMode
-noUpm
-name
AssetImportWorker1
-projectPath
D:/assemblingarvr/projectrepo/2025-383758-Project-Repository-/TeamA
-logFile
Logs/AssetImportWorker1.log
-srvPort
51487
-job-worker-count
3
-background-job-worker-count
8
-gc-helper-count
1
Successfully changed project path to: D:/assemblingarvr/projectrepo/2025-383758-Project-Repository-/TeamA
D:/assemblingarvr/projectrepo/2025-383758-Project-Repository-/TeamA
[UnityMemory] Configuration Parameters - Can be set up in boot.config
    "memorysetup-bucket-allocator-granularity=16"
    "memorysetup-bucket-allocator-bucket-count=8"
    "memorysetup-bucket-allocator-block-size=33554432"
    "memorysetup-bucket-allocator-block-count=8"
    "memorysetup-main-allocator-block-size=16777216"
    "memorysetup-thread-allocator-block-size=16777216"
    "memorysetup-gfx-main-allocator-block-size=16777216"
    "memorysetup-gfx-thread-allocator-block-size=16777216"
    "memorysetup-cache-allocator-block-size=4194304"
    "memorysetup-typetree-allocator-block-size=2097152"
    "memorysetup-profiler-bucket-allocator-granularity=16"
    "memorysetup-profiler-bucket-allocator-bucket-count=8"
    "memorysetup-profiler-bucket-allocator-block-size=33554432"
    "memorysetup-profiler-bucket-allocator-block-count=8"
    "memorysetup-profiler-allocator-block-size=16777216"
    "memorysetup-profiler-editor-allocator-block-size=1048576"
    "memorysetup-temp-allocator-size-main=16777216"
    "memorysetup-job-temp-allocator-block-size=2097152"
    "memorysetup-job-temp-allocator-block-size-background=1048576"
    "memorysetup-job-temp-allocator-reduction-small-platforms=262144"
    "memorysetup-allocator-temp-initial-block-size-main=262144"
    "memorysetup-allocator-temp-initial-block-size-worker=262144"
    "memorysetup-temp-allocator-size-background-worker=32768"
    "memorysetup-temp-allocator-size-job-worker=262144"
    "memorysetup-temp-allocator-size-preload-manager=33554432"
    "memorysetup-temp-allocator-size-nav-mesh-worker=65536"
    "memorysetup-temp-allocator-size-audio-worker=65536"
    "memorysetup-temp-allocator-size-cloud-worker=32768"
    "memorysetup-temp-allocator-size-gi-baking-worker=262144"
    "memorysetup-temp-allocator-size-gi-baking-worker=262144"
    "memorysetup-temp-allocator-size-gi-baking-worker=262144"
    "memorysetup-temp-allocator-size-gi-baking-worker=262144"
    "memorysetup-temp-allocator-size-gi-baking-worker=262144"
    "memorysetup-temp-allocator-size-gfx=262144"
Player connection [30612]  Target information:

Player connection [30612]  * "[IP] 192.168.18.30 [Port] 0 [Flags] 2 [Guid] 3034951098 [EditorId] 3034951098 [Version] 1048832 [Id] WindowsEditor(7,PC) [Debug] 1 [PackageName] WindowsEditor [ProjectName] Editor" 

Player connection [30612] Host joined multi-casting on [225.0.0.222:54997]...
Player connection [30612] Host joined alternative multi-casting on [225.0.0.222:34997]...
JobSystem: Creating JobQueue using job-worker-count value 3
Input System module state changed to: Initialized.
[Physics::Module] Initialized fallback backend.
[Physics::Module] Id: 0xdecafbad
Library Redirect Path: Library/
[Physics::Module] Selected backend.
[Physics::Module] Name: PhysX
[Physics::Module] Id: 0xf2b8ea05
[Physics::Module] SDK Version: 4.1.2
[Physics::Module] Integration Version: 1.0.0
[Physics::Module] Threading Mode: Multi-Threaded
Refreshing native plugins compatible for Editor in 1580.02 ms, found 4 plugins.
Preloading 0 native plugins for Editor in 0.00 ms.
Initialize engine version: 6000.0.41f1 (46e447368a18)
[Subsystems] Discovering subsystems at path C:/Program Files/Unity/Hub/Editor/6000.0.41f1/Editor/Data/Resources/UnitySubsystems
[Subsystems] Discovering subsystems at path D:/assemblingarvr/projectrepo/2025-383758-Project-Repository-/TeamA/Assets
GfxDevice: creating device client; kGfxThreadingModeNonThreaded
Direct3D:
    Version:  Direct3D 11.0 [level 11.1]
    Renderer: Intel(R) UHD Graphics (ID=0x8a56)
    Vendor:   Intel
    VRAM:     3889 MB
    Driver:   31.0.101.2125
Initialize mono
Mono path[0] = 'C:/Program Files/Unity/Hub/Editor/6000.0.41f1/Editor/Data/Managed'
Mono path[1] = 'C:/Program Files/Unity/Hub/Editor/6000.0.41f1/Editor/Data/MonoBleedingEdge/lib/mono/unityjit-win32'
Mono config path = 'C:/Program Files/Unity/Hub/Editor/6000.0.41f1/Editor/Data/MonoBleedingEdge/etc'
Using monoOptions --debugger-agent=transport=dt_socket,embedding=1,server=y,suspend=n,address=127.0.0.1:56416
Begin MonoManager ReloadAssembly
Registering precompiled unity dll's ...
Register platform support module: C:/Program Files/Unity/Hub/Editor/6000.0.41f1/Editor/Data/PlaybackEngines/WindowsStandaloneSupport/UnityEditor.WindowsStandalone.Extensions.dll
Register platform support module: C:/Program Files/Unity/Hub/Editor/6000.0.41f1/Editor/Data/PlaybackEngines/AndroidPlayer/UnityEditor.Android.Extensions.dll
Registered in 0.018725 seconds.
- Loaded All Assemblies, in  2.357 seconds
Native extension for Android target not found
Android Extension - Scanning For ADB Devices 1283 ms
Native extension for WindowsStandalone target not found
Mono: successfully reloaded assembly
- Finished resetting the current domain, in  3.601 seconds
Domain Reload Profiling: 5955ms
	BeginReloadAssembly (1154ms)
		ExecutionOrderSort (0ms)
		DisableScriptedObjects (0ms)
		BackupInstance (0ms)
		ReleaseScriptingObjects (0ms)
		CreateAndSetChildDomain (4ms)
	RebuildCommonClasses (263ms)
	RebuildNativeTypeToScriptingClass (62ms)
	initialDomainReloadingComplete (278ms)
	LoadAllAssembliesAndSetupDomain (595ms)
		LoadAssemblies (1147ms)
		RebuildTransferFunctionScriptingTraits (0ms)
		AnalyzeDomain (580ms)
			TypeCache.Refresh (576ms)
				TypeCache.ScanAssembly (530ms)
			BuildScriptInfoCaches (0ms)
			ResolveRequiredComponents (2ms)
	FinalizeReload (3604ms)
		ReleaseScriptCaches (0ms)
		RebuildScriptCaches (0ms)
		SetupLoadedEditorAssemblies (2933ms)
			LogAssemblyErrors (0ms)
			InitializePlatformSupportModulesInManaged (1727ms)
			SetLoadedEditorAssemblies (12ms)
			BeforeProcessingInitializeOnLoad (176ms)
			ProcessInitializeOnLoadAttributes (467ms)
			ProcessInitializeOnLoadMethodAttributes (550ms)
			AfterProcessingInitializeOnLoad (0ms)
			EditorAssembliesLoaded (0ms)
		ExecutionOrderSort2 (0ms)
		AwakeInstancesAfterBackupRestoration (0ms)
========================================================================
Worker process is ready to serve import requests
Import Worker Mode flag is 0x00
Begin MonoManager ReloadAssembly
- Loaded All Assemblies, in 14.682 seconds
Refreshing native plugins compatible for Editor in 310.81 ms, found 4 plugins.
Native extension for Android target not found
Native extension for WindowsStandalone target not found
Package Manager log level set to [2]
[Package Manager] Failed to launch server process. Reason: Unity was launched with the -noUpm command-line argument
[Package Manager] Unable to send message (not connected to server process).
[Package Manager] Cannot connect to Unity Package Manager local server
Mono: successfully reloaded assembly
[Package Manager] Failed to launch server process. Reason: Unity was launched with the -noUpm command-line argument
[Package Manager] Unable to send message (not connected to server process).
[Package Manager] Cannot connect to Unity Package Manager local server
[Package Manager] Failed to launch server process. Reason: Unity was launched with the -noUpm command-line argument
[Package Manager] Unable to send message (not connected to server process).
[Package Manager] Cannot connect to Unity Package Manager local server
- Finished resetting the current domain, in  6.112 seconds
Domain Reload Profiling: 19707ms
	BeginReloadAssembly (1032ms)
		ExecutionOrderSort (0ms)
		DisableScriptedObjects (40ms)
		BackupInstance (0ms)
		ReleaseScriptingObjects (0ms)
		CreateAndSetChildDomain (120ms)
	RebuildCommonClasses (205ms)
	RebuildNativeTypeToScriptingClass (66ms)
	initialDomainReloadingComplete (183ms)
	LoadAllAssembliesAndSetupDomain (12107ms)
		LoadAssemblies (10915ms)
		RebuildTransferFunctionScriptingTraits (0ms)
		AnalyzeDomain (1904ms)
			TypeCache.Refresh (733ms)
				TypeCache.ScanAssembly (654ms)
			BuildScriptInfoCaches (1123ms)
			ResolveRequiredComponents (39ms)
	FinalizeReload (6114ms)
		ReleaseScriptCaches (0ms)
		RebuildScriptCaches (0ms)
		SetupLoadedEditorAssemblies (3931ms)
			LogAssemblyErrors (0ms)
			InitializePlatformSupportModulesInManaged (41ms)
			SetLoadedEditorAssemblies (15ms)
			BeforeProcessingInitializeOnLoad (378ms)
			ProcessInitializeOnLoadAttributes (2056ms)
			ProcessInitializeOnLoadMethodAttributes (1424ms)
			AfterProcessingInitializeOnLoad (16ms)
			EditorAssembliesLoaded (1ms)
		ExecutionOrderSort2 (0ms)
		AwakeInstancesAfterBackupRestoration (20ms)
Launched and connected shader compiler UnityShaderCompiler.exe after 0.30 seconds
Refreshing native plugins compatible for Editor in 7.45 ms, found 4 plugins.
Preloading 0 native plugins for Editor in 0.00 ms.
Unloading 214 Unused Serialized files (Serialized files now loaded: 0)
Unloading 6727 unused Assets / (6.3 MB). Loaded Objects now: 7419.
Memory consumption went from 163.2 MB to 156.9 MB.
Total: 25.234000 ms (FindLiveObjects: 2.958600 ms CreateObjectMapping: 1.294000 ms MarkObjects: 13.867000 ms  DeleteObjects: 7.109300 ms)

========================================================================
Received Import Request.
  Time since last request: 1959798.966334 seconds.
  path: Assets/InputSystem_Actions.inputactions
  artifactKey: Guid(052faaac586de48259a63d0c4782560b) Importer(815301076,1909f56bfc062723c751e8b465ee728b)
Start importing Assets/InputSystem_Actions.inputactions using Guid(052faaac586de48259a63d0c4782560b) Importer(815301076,1909f56bfc062723c751e8b465ee728b) (PreviewImporter) -> (artifact id: '5e3f70f0364ded6a0e35bba7f5564b43') in 0.2573399 seconds
Number of updated asset objects reloaded before import = 0Number of asset objects unloaded after import = 20

========================================================================
Received Prepare
Refreshing native plugins compatible for Editor in 8.31 ms, found 4 plugins.
Preloading 0 native plugins for Editor in 0.00 ms.
Unloading 21 Unused Serialized files (Serialized files now loaded: 0)
Unloading 6713 unused Assets / (7.1 MB). Loaded Objects now: 7419.
Memory consumption went from 131.5 MB to 124.4 MB.
Total: 362.587800 ms (FindLiveObjects: 4.455700 ms CreateObjectMapping: 1.228400 ms MarkObjects: 345.060800 ms  DeleteObjects: 11.837600 ms)

Prepare: number of updated asset objects reloaded= 0
========================================================================
Received Prepare
Begin MonoManager ReloadAssembly
- Loaded All Assemblies, in 14.202 seconds
Refreshing native plugins compatible for Editor in 938.08 ms, found 4 plugins.
Native extension for Android target not found
Native extension for WindowsStandalone target not found
* Assertion at C:\build\output\Unity-Technologies\mono\mono\mini\mini.c:2265, condition `code' not met

Crash!!!
SymInit: Symbol-SearchPath: 'C:/Program Files/Unity/Hub/Editor/6000.0.41f1/Editor/Data/Mono;.;D:\assemblingarvr\projectrepo\2025-383758-Project-Repository-\TeamA;D:\assemblingarvr\projectrepo\2025-383758-Project-Repository-\TeamA\Library\BurstCache\JIT;C:\Program Files\Unity\Hub\Editor\6000.0.41f1\Editor;C:\WINDOWS;C:\WINDOWS\system32;', symOptions: 534, UserName: 'asimk'
OS-Version: 10.0.0
C:\Program Files\Unity\Hub\Editor\6000.0.41f1\Editor\Unity.exe:Unity.exe (00007FF7CB210000), size: 299008 (result: 0), SymType: '-deferred-', PDB: '', fileVersion: 6000.0.41.58439
C:\WINDOWS\SYSTEM32\ntdll.dll:ntdll.dll (00007FFFB2870000), size: 2191360 (result: 0), SymType: '-deferred-', PDB: '', fileVersion: 10.0.22621.4974
C:\WINDOWS\System32\KERNEL32.DLL:KERNEL32.DLL (00007FFFB2520000), size: 802816 (result: 0), SymType: '-deferred-', PDB: '', fileVersion: 10.0.22621.4974
C:\WINDOWS\System32\KERNELBASE.dll:KERNELBASE.dll (00007FFFB0160000), size: 4001792 (result: 0), SymType: '-deferred-', PDB: '', fileVersion: 10.0.22621.5037
C:\WINDOWS\System32\USER32.dll:USER32.dll (00007FFFB25F0000), size: 1773568 (result: 0), SymType: '-deferred-', PDB: '', fileVersion: 10.0.22621.4974
C:\WINDOWS\System32\win32u.dll:win32u.dll (00007FFFAFB20000), size: 155648 (result: 0), SymType: '-deferred-', PDB: '', fileVersion: 10.0.22621.5037
C:\WINDOWS\System32\GDI32.dll:GDI32.dll (00007FFFB1F70000), size: 167936 (result: 0), SymType: '-deferred-', PDB: '', fileVersion: 10.0.22621.4974
C:\WINDOWS\System32\gdi32full.dll:gdi32full.dll (00007FFFAFFA0000), size: 1159168 (result: 0), SymType: '-deferred-', PDB: '', fileVersion: 10.0.22621.4974
C:\WINDOWS\System32\msvcp_win.dll:msvcp_win.dll (00007FFFB00C0000), size: 630784 (result: 0), SymType: '-deferred-', PDB: '', fileVersion: 10.0.22621.3374
C:\WINDOWS\System32\ucrtbase.dll:ucrtbase.dll (00007FFFAFC10000), size: 1118208 (result: 0), SymType: '-deferred-', PDB: '', fileVersion: 10.0.22621.3593
C:\WINDOWS\System32\IMM32.DLL:IMM32.DLL (00007FFFB1270000), size: 200704 (result: 0), SymType: '-deferred-', PDB: '', fileVersion: 10.0.22621.3374
C:\Program Files\Unity\Hub\Editor\6000.0.41f1\Editor\Unity.dll:Unity.dll (00007FFEF8B90000), size: 87097344 (result: 0), SymType: '-deferred-', PDB: '', fileVersion: 6000.0.41.58439
C:\WINDOWS\System32\CRYPT32.dll:CRYPT32.dll (00007FFFAFD30000), size: 1466368 (result: 0), SymType: '-deferred-', PDB: '', fileVersion: 10.0.22621.4830
C:\WINDOWS\System32\ADVAPI32.dll:ADVAPI32.dll (00007FFFB12B0000), size: 724992 (result: 0), SymType: '-deferred-', PDB: '', fileVersion: 10.0.22621.4830
C:\WINDOWS\System32\msvcrt.dll:msvcrt.dll (00007FFFB14E0000), size: 684032 (result: 0), SymType: '-deferred-', PDB: '', fileVersion: 7.0.22621.2506
C:\WINDOWS\System32\sechost.dll:sechost.dll (00007FFFB1D90000), size: 684032 (result: 0), SymType: '-deferred-', PDB: '', fileVersion: 10.0.22621.4830
C:\Program Files\Unity\Hub\Editor\6000.0.41f1\Editor\libfbxsdk.dll:libfbxsdk.dll (00007FFF0AE70000), size: 8019968 (result: 0), SymType: '-deferred-', PDB: '', fileVersion: 2020.3.7.0
C:\WINDOWS\System32\bcrypt.dll:bcrypt.dll (00007FFFAF9B0000), size: 163840 (result: 0), SymType: '-deferred-', PDB: '', fileVersion: 10.0.22621.4746
C:\WINDOWS\System32\RPCRT4.dll:RPCRT4.dll (00007FFFB1FA0000), size: 1130496 (result: 0), SymType: '-deferred-', PDB: '', fileVersion: 10.0.22621.4249
C:\WINDOWS\System32\ole32.dll:ole32.dll (00007FFFB21A0000), size: 1708032 (result: 0), SymType: '-deferred-', PDB: '', fileVersion: 10.0.22621.4830
C:\Program Files\Unity\Hub\Editor\6000.0.41f1\Editor\s3tcompress.dll:s3tcompress.dll (00007FFF82460000), size: 180224 (result: 0), SymType: '-deferred-', PDB: ''
C:\WINDOWS\System32\combase.dll:combase.dll (00007FFFB0EE0000), size: 3735552 (result: 0), SymType: '-deferred-', PDB: '', fileVersion: 10.0.22621.4974
C:\WINDOWS\System32\SETUPAPI.dll:SETUPAPI.dll (00007FFFB16F0000), size: 4669440 (result: 0), SymType: '-deferred-', PDB: '', fileVersion: 10.0.22621.2506
C:\Program Files\Unity\Hub\Editor\6000.0.41f1\Editor\etccompress.dll:etccompress.dll (00007FFF132A0000), size: 5070848 (result: 0), SymType: '-deferred-', PDB: ''
C:\WINDOWS\System32\SHELL32.dll:SHELL32.dll (00007FFFB0650000), size: 8945664 (result: 0), SymType: '-deferred-', PDB: '', fileVersion: 10.0.22621.4974
C:\WINDOWS\System32\wintypes.dll:wintypes.dll (00007FFFAF9E0000), size: 1306624 (result: 0), SymType: '-deferred-', PDB: '', fileVersion: 10.0.22621.4830
C:\WINDOWS\System32\SHLWAPI.dll:SHLWAPI.dll (00007FFFB1C20000), size: 385024 (result: 0), SymType: '-deferred-', PDB: '', fileVersion: 10.0.22621.4830
C:\WINDOWS\System32\WS2_32.dll:WS2_32.dll (00007FFFB0540000), size: 462848 (result: 0), SymType: '-deferred-', PDB: '', fileVersion: 10.0.22621.4746
C:\WINDOWS\System32\OLEAUT32.dll:OLEAUT32.dll (00007FFFB20C0000), size: 880640 (result: 0), SymType: '-deferred-', PDB: '', fileVersion: 10.0.22621.3672
C:\Program Files\Unity\Hub\Editor\6000.0.41f1\Editor\ispc_texcomp.dll:ispc_texcomp.dll (00007FFF5A830000), size: 1826816 (result: 0), SymType: '-deferred-', PDB: ''
C:\WINDOWS\System32\WINTRUST.dll:WINTRUST.dll (00007FFFAFF20000), size: 466944 (result: 0), SymType: '-deferred-', PDB: '', fileVersion: 10.0.22621.4974
C:\Program Files\Unity\Hub\Editor\6000.0.41f1\Editor\WinPixEventRuntime.dll:WinPixEventRuntime.dll (00007FFFAB2C0000), size: 53248 (result: 0), SymType: '-deferred-', PDB: '', fileVersion: 1.0.2201.24001
C:\Program Files\Unity\Hub\Editor\6000.0.41f1\Editor\compress_bc7e.dll:compress_bc7e.dll (00007FFF5CAB0000), size: 1433600 (result: 0), SymType: '-deferred-', PDB: ''
C:\Program Files\Unity\Hub\Editor\6000.0.41f1\Editor\FreeImage.dll:FreeImage.dll (0000000180000000), size: 5783552 (result: 0), SymType: '-deferred-', PDB: '', fileVersion: 3.18.0.0
C:\Program Files\Unity\Hub\Editor\6000.0.41f1\Editor\umbraoptimizer64.dll:umbraoptimizer64.dll (00007FFF64BE0000), size: 1187840 (result: 8), SymType: '-unknown-', PDB: ''
C:\WINDOWS\SYSTEM32\MSVCP140.dll:MSVCP140.dll (00007FFF88EE0000), size: 577536 (result: 8), SymType: '-unknown-', PDB: '', fileVersion: 14.42.34433.0
C:\WINDOWS\SYSTEM32\VCRUNTIME140.dll:VCRUNTIME140.dll (00007FFFA0630000), size: 122880 (result: 8), SymType: '-unknown-', PDB: '', fileVersion: 14.42.34433.0
C:\WINDOWS\SYSTEM32\VCRUNTIME140_1.dll:VCRUNTIME140_1.dll (00007FFFA8980000), size: 49152 (result: 0), SymType: '-deferred-', PDB: '', fileVersion: 14.42.34433.0
C:\WINDOWS\SYSTEM32\d3d11.dll:d3d11.dll (00007FFFAA380000), size: 2453504 (result: 0), SymType: '-deferred-', PDB: '', fileVersion: 10.0.22621.4830
C:\WINDOWS\SYSTEM32\dxgi.dll:dxgi.dll (00007FFFACC30000), size: 1011712 (result: 0), SymType: '-deferred-', PDB: '', fileVersion: 10.0.22621.4830
C:\WINDOWS\SYSTEM32\HID.DLL:HID.DLL (00007FFFAE1D0000), size: 57344 (result: 8), SymType: '-unknown-', PDB: '', fileVersion: 10.0.22621.1
C:\WINDOWS\SYSTEM32\IPHLPAPI.DLL:IPHLPAPI.DLL (00007FFFAE430000), size: 184320 (result: 8), SymType: '-unknown-', PDB: '', fileVersion: 10.0.22621.1
C:\WINDOWS\SYSTEM32\dwmapi.dll:dwmapi.dll (00007FFFACD50000), size: 176128 (result: 8), SymType: '-unknown-', PDB: '', fileVersion: 10.0.22621.4830
C:\WINDOWS\SYSTEM32\d3d12.dll:d3d12.dll (00007FFF82430000), size: 155648 (result: 0), SymType: '-deferred-', PDB: '', fileVersion: 10.0.22621.4830
C:\WINDOWS\SYSTEM32\OPENGL32.dll:OPENGL32.dll (00007FFF9EE10000), size: 1048576 (result: 0), SymType: '-deferred-', PDB: '', fileVersion: 10.0.22621.4830
C:\WINDOWS\SYSTEM32\WINHTTP.dll:WINHTTP.dll (00007FFFA90D0000), size: 1228800 (result: 0), SymType: '-deferred-', PDB: '', fileVersion: 10.0.22621.4830
C:\WINDOWS\SYSTEM32\WINMM.dll:WINMM.dll (00007FFFA8AD0000), size: 212992 (result: 0), SymType: '-deferred-', PDB: '', fileVersion: 10.0.22621.4830
C:\WINDOWS\SYSTEM32\GLU32.dll:GLU32.dll (00007FFFA3940000), size: 184320 (result: 0), SymType: '-deferred-', PDB: '', fileVersion: 10.0.22621.2506
C:\Program Files\Unity\Hub\Editor\6000.0.41f1\Editor\NativeProxyHelper.dll:NativeProxyHelper.dll (00007FFF596F0000), size: 1789952 (result: 8), SymType: '-unknown-', PDB: ''
C:\Program Files\Unity\Hub\Editor\6000.0.41f1\Editor\SketchUpAPI.dll:SketchUpAPI.dll (00007FFF0A5D0000), size: 8990720 (result: 0), SymType: '-deferred-', PDB: '', fileVersion: 23.0.0.0
C:\WINDOWS\SYSTEM32\WSOCK32.dll:WSOCK32.dll (00007FFFAB450000), size: 36864 (result: 0), SymType: '-deferred-', PDB: '', fileVersion: 10.0.22621.1
C:\WINDOWS\SYSTEM32\VERSION.dll:VERSION.dll (00007FFFA8530000), size: 40960 (result: 0), SymType: '-deferred-', PDB: '', fileVersion: 10.0.22621.1
C:\Program Files\Unity\Hub\Editor\6000.0.41f1\Editor\SketchUpCommonPreferences.dll:SketchUpCommonPreferences.dll (00007FFF6D650000), size: 499712 (result: 0), SymType: '-deferred-', PDB: '', fileVersion: 23.0.0.0
C:\WINDOWS\SYSTEM32\dxcore.dll:dxcore.dll (00007FFFACBF0000), size: 225280 (result: 0), SymType: '-deferred-', PDB: '', fileVersion: 10.0.22621.4830
C:\WINDOWS\SYSTEM32\Secur32.dll:Secur32.dll (00007FFFAE7B0000), size: 49152 (result: 0), SymType: '-deferred-', PDB: '', fileVersion: 10.0.22621.1
C:\WINDOWS\SYSTEM32\SSPICLI.DLL:SSPICLI.DLL (00007FFFAEC30000), size: 274432 (result: 0), SymType: '-deferred-', PDB: '', fileVersion: 10.0.22621.3810
C:\Program Files\Unity\Hub\Editor\6000.0.41f1\Editor\OpenRL.dll:OpenRL.dll (0000020608010000), size: 12779520 (result: 0), SymType: '-deferred-', PDB: '', fileVersion: 1.5.0.2907
C:\WINDOWS\SYSTEM32\MSVCR100.dll:MSVCR100.dll (000000005CD30000), size: 860160 (result: 0), SymType: '-deferred-', PDB: '', fileVersion: 10.0.40219.325
C:\Program Files\Unity\Hub\Editor\6000.0.41f1\Editor\embree.dll:embree.dll (00007FFEF7BA0000), size: 16711680 (result: 0), SymType: '-deferred-', PDB: '', fileVersion: 2.14.0.0
C:\WINDOWS\SYSTEM32\cfgmgr32.DLL:cfgmgr32.DLL (00007FFFAF5B0000), size: 319488 (result: 0), SymType: '-deferred-', PDB: '', fileVersion: 10.0.22621.2506
C:\WINDOWS\SYSTEM32\MSVCP100.dll:MSVCP100.dll (000000005CE10000), size: 622592 (result: 0), SymType: '-deferred-', PDB: '', fileVersion: 10.0.40219.325
C:\Program Files\Unity\Hub\Editor\6000.0.41f1\Editor\tbb.dll:tbb.dll (00007FFF7DBB0000), size: 303104 (result: 0), SymType: '-deferred-', PDB: '', fileVersion: 2020.3.2022.1111
C:\WINDOWS\SYSTEM32\MSWSOCK.DLL:MSWSOCK.DLL (00007FFFAEE30000), size: 434176 (result: 0), SymType: '-deferred-', PDB: '', fileVersion: 10.0.22621.4890
C:\Program Files\Unity\Hub\Editor\6000.0.41f1\Editor\OpenRL_pthread.dll:OpenRL_pthread.dll (0000020608C60000), size: 61440 (result: 8), SymType: '-unknown-', PDB: '', fileVersion: 2.9.0.0
C:\WINDOWS\SYSTEM32\MSASN1.dll:MSASN1.dll (00007FFFAF120000), size: 73728 (result: 8), SymType: '-unknown-', PDB: '', fileVersion: 10.0.22621.2506
C:\WINDOWS\System32\bcryptprimitives.dll:bcryptprimitives.dll (00007FFFAFEA0000), size: 503808 (result: 8), SymType: '-unknown-', PDB: '', fileVersion: 10.0.22621.4317
C:\WINDOWS\SYSTEM32\kernel.appcore.dll:kernel.appcore.dll (00007FFFAE9C0000), size: 98304 (result: 8), SymType: '-unknown-', PDB: '', fileVersion: 10.0.22621.3958
C:\WINDOWS\system32\uxtheme.dll:uxtheme.dll (00007FFFACAE0000), size: 733184 (result: 8), SymType: '-unknown-', PDB: '', fileVersion: 10.0.22621.4974
C:\WINDOWS\SYSTEM32\windows.storage.dll:windows.storage.dll (00007FFFAD8C0000), size: 9490432 (result: 8), SymType: '-unknown-', PDB: '', fileVersion: 10.0.22621.5037
C:\WINDOWS\System32\SHCORE.dll:SHCORE.dll (00007FFFB1E40000), size: 1089536 (result: 8), SymType: '-unknown-', PDB: '', fileVersion: 10.0.22621.4974
C:\WINDOWS\SYSTEM32\profapi.dll:profapi.dll (00007FFFAF8E0000), size: 176128 (result: 8), SymType: '-unknown-', PDB: '', fileVersion: 10.0.22621.4974
C:\WINDOWS\system32\IconCodecService.dll:IconCodecService.dll (00007FFFAAEB0000), size: 36864 (result: 8), SymType: '-unknown-', PDB: '', fileVersion: 10.0.22621.1
C:\WINDOWS\SYSTEM32\WindowsCodecs.dll:WindowsCodecs.dll (00007FFFAC8F0000), size: 1769472 (result: 8), SymType: '-unknown-', PDB: '', fileVersion: 10.0.22621.4830
C:\WINDOWS\System32\clbcatq.dll:clbcatq.dll (00007FFFB1B70000), size: 720896 (result: 8), SymType: '-unknown-', PDB: '', fileVersion: 2001.12.10941.16384
C:\WINDOWS\System32\netprofm.dll:netprofm.dll (00007FFFAB9E0000), size: 491520 (result: 8), SymType: '-unknown-', PDB: '', fileVersion: 10.0.22621.3527
C:\WINDOWS\System32\npmproxy.dll:npmproxy.dll (00007FFFA67C0000), size: 98304 (result: 0), SymType: '-deferred-', PDB: '', fileVersion: 10.0.22621.3527
C:\WINDOWS\System32\NSI.dll:NSI.dll (00007FFFB1670000), size: 36864 (result: 0), SymType: '-deferred-', PDB: '', fileVersion: 10.0.22621.4746
C:\WINDOWS\SYSTEM32\dhcpcsvc6.DLL:dhcpcsvc6.DLL (00007FFFA8540000), size: 102400 (result: 0), SymType: '-deferred-', PDB: '', fileVersion: 10.0.22621.2506
C:\WINDOWS\SYSTEM32\dhcpcsvc.DLL:dhcpcsvc.DLL (00007FFFA84A0000), size: 126976 (result: 8), SymType: '-unknown-', PDB: '', fileVersion: 10.0.22621.2506
C:\WINDOWS\SYSTEM32\DNSAPI.dll:DNSAPI.dll (00007FFFAE4A0000), size: 1056768 (result: 0), SymType: '-deferred-', PDB: '', fileVersion: 10.0.22621.4830
C:\WINDOWS\system32\napinsp.dll:napinsp.dll (00007FFF8CF40000), size: 94208 (result: 0), SymType: '-deferred-', PDB: '', fileVersion: 10.0.22621.1
C:\WINDOWS\system32\pnrpnsp.dll:pnrpnsp.dll (00007FFF8F100000), size: 110592 (result: 0), SymType: '-deferred-', PDB: '', fileVersion: 10.0.22621.1
C:\WINDOWS\System32\winrnr.dll:winrnr.dll (00007FFF8F430000), size: 69632 (result: 0), SymType: '-deferred-', PDB: '', fileVersion: 10.0.22621.1
C:\WINDOWS\system32\wshbth.dll:wshbth.dll (00007FFFA8160000), size: 86016 (result: 0), SymType: '-deferred-', PDB: '', fileVersion: 10.0.22621.3958
C:\WINDOWS\system32\nlansp_c.dll:nlansp_c.dll (00007FFF5C960000), size: 159744 (result: 8), SymType: '-unknown-', PDB: '', fileVersion: 10.0.22621.4830
C:\WINDOWS\System32\fwpuclnt.dll:fwpuclnt.dll (00007FFFA6D00000), size: 536576 (result: 8), SymType: '-unknown-', PDB: '', fileVersion: 10.0.22621.4249
C:\Windows\System32\rasadhlp.dll:rasadhlp.dll (00007FFFA7630000), size: 40960 (result: 0), SymType: '-deferred-', PDB: '', fileVersion: 10.0.22621.1
C:\Program Files\Unity\Hub\Editor\6000.0.41f1\Editor\AMDUnityPlugin.DLL:AMDUnityPlugin.DLL (00007FFF09D60000), size: 8814592 (result: 8), SymType: '-unknown-', PDB: ''
C:\Program Files\Unity\Hub\Editor\6000.0.41f1\Editor\NVUnityPlugin.DLL:NVUnityPlugin.DLL (00007FFF27170000), size: 1609728 (result: 8), SymType: '-unknown-', PDB: ''
C:\Program Files\Unity\Hub\Editor\6000.0.41f1\Editor\Data\Tools\astcenc-avx2.dll:astcenc-avx2.dll (00007FFF6C740000), size: 364544 (result: 8), SymType: '-unknown-', PDB: ''
C:\WINDOWS\System32\MMDevApi.dll:MMDevApi.dll (00007FFFA6C60000), size: 647168 (result: 8), SymType: '-unknown-', PDB: '', fileVersion: 10.0.22621.4111

========== OUTPUTTING STACK TRACE ==================

SymInit: Symbol-SearchPath: 'C:/Program Files/Unity/Hub/Editor/6000.0.41f1/Editor/Data/Mono;.;D:\assemblingarvr\projectrepo\2025-383758-Project-Repository-\TeamA;D:\assemblingarvr\projectrepo\2025-383758-Project-Repository-\TeamA\Library\BurstCache\JIT;C:\Program Files\Unity\Hub\Editor\6000.0.41f1\Editor;C:\WINDOWS;C:\WINDOWS\system32;', symOptions: 534, UserName: 'asimk'
OS-Version: 10.0.0
C:\Program Files\Unity\Hub\Editor\6000.0.41f1\Editor\Unity.exe:Unity.exe (00007FF7CB210000), size: 299008 (result: 0), SymType: '-nosymbols-', PDB: 'C:\Program Files\Unity\Hub\Editor\6000.0.41f1\Editor\Unity.exe', fileVersion: 6000.0.41.58439
C:\WINDOWS\SYSTEM32\ntdll.dll:ntdll.dll (00007FFFB2870000), size: 2191360 (result: 0), SymType: '-nosymbols-', PDB: 'C:\WINDOWS\SYSTEM32\ntdll.dll', fileVersion: 10.0.22621.4974
C:\WINDOWS\System32\KERNEL32.DLL:KERNEL32.DLL (00007FFFB2520000), size: 802816 (result: 0), SymType: '-nosymbols-', PDB: 'C:\WINDOWS\System32\KERNEL32.DLL', fileVersion: 10.0.22621.4974
C:\WINDOWS\System32\KERNELBASE.dll:KERNELBASE.dll (00007FFFB0160000), size: 4001792 (result: 0), SymType: '-nosymbols-', PDB: 'C:\WINDOWS\System32\KERNELBASE.dll', fileVersion: 10.0.22621.5037
C:\WINDOWS\System32\USER32.dll:USER32.dll (00007FFFB25F0000), size: 1773568 (result: 0), SymType: '-nosymbols-', PDB: 'C:\WINDOWS\System32\USER32.dll', fileVersion: 10.0.22621.4974
C:\WINDOWS\System32\win32u.dll:win32u.dll (00007FFFAFB20000), size: 155648 (result: 0), SymType: '-nosymbols-', PDB: 'C:\WINDOWS\System32\win32u.dll', fileVersion: 10.0.22621.5037
C:\WINDOWS\System32\GDI32.dll:GDI32.dll (00007FFFB1F70000), size: 167936 (result: 0), SymType: '-nosymbols-', PDB: 'C:\WINDOWS\System32\GDI32.dll', fileVersion: 10.0.22621.4974
C:\WINDOWS\System32\gdi32full.dll:gdi32full.dll (00007FFFAFFA0000), size: 1159168 (result: 0), SymType: '-nosymbols-', PDB: 'C:\WINDOWS\System32\gdi32full.dll', fileVersion: 10.0.22621.4974
C:\WINDOWS\System32\msvcp_win.dll:msvcp_win.dll (00007FFFB00C0000), size: 630784 (result: 0), SymType: '-nosymbols-', PDB: 'C:\WINDOWS\System32\msvcp_win.dll', fileVersion: 10.0.22621.3374
C:\WINDOWS\System32\ucrtbase.dll:ucrtbase.dll (00007FFFAFC10000), size: 1118208 (result: 0), SymType: '-nosymbols-', PDB: 'C:\WINDOWS\System32\ucrtbase.dll', fileVersion: 10.0.22621.3593
C:\WINDOWS\System32\IMM32.DLL:IMM32.DLL (00007FFFB1270000), size: 200704 (result: 0), SymType: '-nosymbols-', PDB: 'C:\WINDOWS\System32\IMM32.DLL', fileVersion: 10.0.22621.3374
C:\Program Files\Unity\Hub\Editor\6000.0.41f1\Editor\Unity.dll:Unity.dll (00007FFEF8B90000), size: 87097344 (result: 0), SymType: '-nosymbols-', PDB: 'C:\Program Files\Unity\Hub\Editor\6000.0.41f1\Editor\Unity.dll', fileVersion: 6000.0.41.58439
C:\WINDOWS\System32\CRYPT32.dll:CRYPT32.dll (00007FFFAFD30000), size: 1466368 (result: 0), SymType: '-nosymbols-', PDB: 'C:\WINDOWS\System32\CRYPT32.dll', fileVersion: 10.0.22621.4830
C:\WINDOWS\System32\ADVAPI32.dll:ADVAPI32.dll (00007FFFB12B0000), size: 724992 (result: 0), SymType: '-nosymbols-', PDB: 'C:\WINDOWS\System32\ADVAPI32.dll', fileVersion: 10.0.22621.4830
C:\WINDOWS\System32\msvcrt.dll:msvcrt.dll (00007FFFB14E0000), size: 684032 (result: 0), SymType: '-nosymbols-', PDB: 'C:\WINDOWS\System32\msvcrt.dll', fileVersion: 7.0.22621.2506
C:\WINDOWS\System32\sechost.dll:sechost.dll (00007FFFB1D90000), size: 684032 (result: 0), SymType: '-nosymbols-', PDB: 'C:\WINDOWS\System32\sechost.dll', fileVersion: 10.0.22621.4830
C:\Program Files\Unity\Hub\Editor\6000.0.41f1\Editor\libfbxsdk.dll:libfbxsdk.dll (00007FFF0AE70000), size: 8019968 (result: 0), SymType: '-nosymbols-', PDB: 'C:\Program Files\Unity\Hub\Editor\6000.0.41f1\Editor\libfbxsdk.dll', fileVersion: 2020.3.7.0
C:\WINDOWS\System32\bcrypt.dll:bcrypt.dll (00007FFFAF9B0000), size: 163840 (result: 0), SymType: '-nosymbols-', PDB: 'C:\WINDOWS\System32\bcrypt.dll', fileVersion: 10.0.22621.4746
C:\WINDOWS\System32\RPCRT4.dll:RPCRT4.dll (00007FFFB1FA0000), size: 1130496 (result: 0), SymType: '-nosymbols-', PDB: 'C:\WINDOWS\System32\RPCRT4.dll', fileVersion: 10.0.22621.4249
C:\WINDOWS\System32\ole32.dll:ole32.dll (00007FFFB21A0000), size: 1708032 (result: 0), SymType: '-nosymbols-', PDB: 'C:\WINDOWS\System32\ole32.dll', fileVersion: 10.0.22621.4830
C:\Program Files\Unity\Hub\Editor\6000.0.41f1\Editor\s3tcompress.dll:s3tcompress.dll (00007FFF82460000), size: 180224 (result: 0), SymType: '-nosymbols-', PDB: 'C:\Program Files\Unity\Hub\Editor\6000.0.41f1\Editor\s3tcompress.dll'
C:\WINDOWS\System32\combase.dll:combase.dll (00007FFFB0EE0000), size: 3735552 (result: 0), SymType: '-nosymbols-', PDB: 'C:\WINDOWS\System32\combase.dll', fileVersion: 10.0.22621.4974
C:\WINDOWS\System32\SETUPAPI.dll:SETUPAPI.dll (00007FFFB16F0000), size: 4669440 (result: 0), SymType: '-nosymbols-', PDB: 'C:\WINDOWS\System32\SETUPAPI.dll', fileVersion: 10.0.22621.2506
C:\Program Files\Unity\Hub\Editor\6000.0.41f1\Editor\etccompress.dll:etccompress.dll (00007FFF132A0000), size: 5070848 (result: 0), SymType: '-nosymbols-', PDB: 'C:\Program Files\Unity\Hub\Editor\6000.0.41f1\Editor\etccompress.dll'
C:\WINDOWS\System32\SHELL32.dll:SHELL32.dll (00007FFFB0650000), size: 8945664 (result: 0), SymType: '-nosymbols-', PDB: 'C:\WINDOWS\System32\SHELL32.dll', fileVersion: 10.0.22621.4974
C:\WINDOWS\System32\wintypes.dll:wintypes.dll (00007FFFAF9E0000), size: 1306624 (result: 0), SymType: '-exported-', PDB: 'C:\WINDOWS\System32\wintypes.dll', fileVersion: 10.0.22621.4830
C:\WINDOWS\System32\SHLWAPI.dll:SHLWAPI.dll (00007FFFB1C20000), size: 385024 (result: 0), SymType: '-exported-', PDB: 'C:\WINDOWS\System32\SHLWAPI.dll', fileVersion: 10.0.22621.4830
C:\WINDOWS\System32\WS2_32.dll:WS2_32.dll (00007FFFB0540000), size: 462848 (result: 0), SymType: '-exported-', PDB: 'C:\WINDOWS\System32\WS2_32.dll', fileVersion: 10.0.22621.4746
C:\WINDOWS\System32\OLEAUT32.dll:OLEAUT32.dll (00007FFFB20C0000), size: 880640 (result: 0), SymType: '-exported-', PDB: 'C:\WINDOWS\System32\OLEAUT32.dll', fileVersion: 10.0.22621.3672
C:\Program Files\Unity\Hub\Editor\6000.0.41f1\Editor\ispc_texcomp.dll:ispc_texcomp.dll (00007FFF5A830000), size: 1826816 (result: 0), SymType: '-exported-', PDB: 'C:\Program Files\Unity\Hub\Editor\6000.0.41f1\Editor\ispc_texcomp.dll'
C:\WINDOWS\System32\WINTRUST.dll:WINTRUST.dll (00007FFFAFF20000), size: 466944 (result: 0), SymType: '-exported-', PDB: 'C:\WINDOWS\System32\WINTRUST.dll', fileVersion: 10.0.22621.4974
C:\Program Files\Unity\Hub\Editor\6000.0.41f1\Editor\WinPixEventRuntime.dll:WinPixEventRuntime.dll (00007FFFAB2C0000), size: 53248 (result: 0), SymType: '-exported-', PDB: 'C:\Program Files\Unity\Hub\Editor\6000.0.41f1\Editor\WinPixEventRuntime.dll', fileVersion: 1.0.2201.24001
C:\Program Files\Unity\Hub\Editor\6000.0.41f1\Editor\compress_bc7e.dll:compress_bc7e.dll (00007FFF5CAB0000), size: 1433600 (result: 0), SymType: '-nosymbols-', PDB: 'C:\Program Files\Unity\Hub\Editor\6000.0.41f1\Editor\compress_bc7e.dll'
C:\Program Files\Unity\Hub\Editor\6000.0.41f1\Editor\FreeImage.dll:FreeImage.dll (0000000180000000), size: 5783552 (result: 0), SymType: '-nosymbols-', PDB: 'C:\Program Files\Unity\Hub\Editor\6000.0.41f1\Editor\FreeImage.dll', fileVersion: 3.18.0.0
C:\Program Files\Unity\Hub\Editor\6000.0.41f1\Editor\umbraoptimizer64.dll:umbraoptimizer64.dll (00007FFF64BE0000), size: 1187840 (result: 0), SymType: '-deferred-', PDB: ''
C:\WINDOWS\SYSTEM32\MSVCP140.dll:MSVCP140.dll (00007FFF88EE0000), size: 577536 (result: 0), SymType: '-deferred-', PDB: '', fileVersion: 14.42.34433.0
C:\WINDOWS\SYSTEM32\VCRUNTIME140.dll:VCRUNTIME140.dll (00007FFFA0630000), size: 122880 (result: 0), SymType: '-deferred-', PDB: '', fileVersion: 14.42.34433.0
C:\WINDOWS\SYSTEM32\VCRUNTIME140_1.dll:VCRUNTIME140_1.dll (00007FFFA8980000), size: 49152 (result: 0), SymType: '-exported-', PDB: 'C:\WINDOWS\SYSTEM32\VCRUNTIME140_1.dll', fileVersion: 14.42.34433.0
C:\WINDOWS\SYSTEM32\d3d11.dll:d3d11.dll (00007FFFAA380000), size: 2453504 (result: 0), SymType: '-exported-', PDB: 'C:\WINDOWS\SYSTEM32\d3d11.dll', fileVersion: 10.0.22621.4830
C:\WINDOWS\SYSTEM32\dxgi.dll:dxgi.dll (00007FFFACC30000), size: 1011712 (result: 0), SymType: '-nosymbols-', PDB: 'C:\WINDOWS\SYSTEM32\dxgi.dll', fileVersion: 10.0.22621.4830
C:\WINDOWS\SYSTEM32\HID.DLL:HID.DLL (00007FFFAE1D0000), size: 57344 (result: 0), SymType: '-deferred-', PDB: '', fileVersion: 10.0.22621.1
C:\WINDOWS\SYSTEM32\IPHLPAPI.DLL:IPHLPAPI.DLL (00007FFFAE430000), size: 184320 (result: 0), SymType: '-deferred-', PDB: '', fileVersion: 10.0.22621.1
C:\WINDOWS\SYSTEM32\dwmapi.dll:dwmapi.dll (00007FFFACD50000), size: 176128 (result: 0), SymType: '-deferred-', PDB: '', fileVersion: 10.0.22621.4830
C:\WINDOWS\SYSTEM32\d3d12.dll:d3d12.dll (00007FFF82430000), size: 155648 (result: 0), SymType: '-exported-', PDB: 'C:\WINDOWS\SYSTEM32\d3d12.dll', fileVersion: 10.0.22621.4830
C:\WINDOWS\SYSTEM32\OPENGL32.dll:OPENGL32.dll (00007FFF9EE10000), size: 1048576 (result: 0), SymType: '-exported-', PDB: 'C:\WINDOWS\SYSTEM32\OPENGL32.dll', fileVersion: 10.0.22621.4830
C:\WINDOWS\SYSTEM32\WINHTTP.dll:WINHTTP.dll (00007FFFA90D0000), size: 1228800 (result: 0), SymType: '-nosymbols-', PDB: 'C:\WINDOWS\SYSTEM32\WINHTTP.dll', fileVersion: 10.0.22621.4830
C:\WINDOWS\SYSTEM32\WINMM.dll:WINMM.dll (00007FFFA8AD0000), size: 212992 (result: 0), SymType: '-nosymbols-', PDB: 'C:\WINDOWS\SYSTEM32\WINMM.dll', fileVersion: 10.0.22621.4830
C:\WINDOWS\SYSTEM32\GLU32.dll:GLU32.dll (00007FFFA3940000), size: 184320 (result: 0), SymType: '-exported-', PDB: 'C:\WINDOWS\SYSTEM32\GLU32.dll', fileVersion: 10.0.22621.2506
C:\Program Files\Unity\Hub\Editor\6000.0.41f1\Editor\NativeProxyHelper.dll:NativeProxyHelper.dll (00007FFF596F0000), size: 1789952 (result: 0), SymType: '-deferred-', PDB: ''
C:\Program Files\Unity\Hub\Editor\6000.0.41f1\Editor\SketchUpAPI.dll:SketchUpAPI.dll (00007FFF0A5D0000), size: 8990720 (result: 0), SymType: '-nosymbols-', PDB: 'C:\Program Files\Unity\Hub\Editor\6000.0.41f1\Editor\SketchUpAPI.dll', fileVersion: 23.0.0.0
C:\WINDOWS\SYSTEM32\WSOCK32.dll:WSOCK32.dll (00007FFFAB450000), size: 36864 (result: 0), SymType: '-nosymbols-', PDB: 'C:\WINDOWS\SYSTEM32\WSOCK32.dll', fileVersion: 10.0.22621.1
C:\WINDOWS\SYSTEM32\VERSION.dll:VERSION.dll (00007FFFA8530000), size: 40960 (result: 0), SymType: '-exported-', PDB: 'C:\WINDOWS\SYSTEM32\VERSION.dll', fileVersion: 10.0.22621.1
C:\Program Files\Unity\Hub\Editor\6000.0.41f1\Editor\SketchUpCommonPreferences.dll:SketchUpCommonPreferences.dll (00007FFF6D650000), size: 499712 (result: 0), SymType: '-exported-', PDB: 'C:\Program Files\Unity\Hub\Editor\6000.0.41f1\Editor\SketchUpCommonPreferences.dll', fileVersion: 23.0.0.0
C:\WINDOWS\SYSTEM32\dxcore.dll:dxcore.dll (00007FFFACBF0000), size: 225280 (result: 0), SymType: '-exported-', PDB: 'C:\WINDOWS\SYSTEM32\dxcore.dll', fileVersion: 10.0.22621.4830
C:\WINDOWS\SYSTEM32\Secur32.dll:Secur32.dll (00007FFFAE7B0000), size: 49152 (result: 0), SymType: '-exported-', PDB: 'C:\WINDOWS\SYSTEM32\Secur32.dll', fileVersion: 10.0.22621.1
C:\WINDOWS\SYSTEM32\SSPICLI.DLL:SSPICLI.DLL (00007FFFAEC30000), size: 274432 (result: 0), SymType: '-exported-', PDB: 'C:\WINDOWS\SYSTEM32\SSPICLI.DLL', fileVersion: 10.0.22621.3810
C:\Program Files\Unity\Hub\Editor\6000.0.41f1\Editor\OpenRL.dll:OpenRL.dll (0000020608010000), size: 12779520 (result: 0), SymType: '-exported-', PDB: 'C:\Program Files\Unity\Hub\Editor\6000.0.41f1\Editor\OpenRL.dll', fileVersion: 1.5.0.2907
C:\WINDOWS\SYSTEM32\MSVCR100.dll:MSVCR100.dll (000000005CD30000), size: 860160 (result: 0), SymType: '-nosymbols-', PDB: 'C:\WINDOWS\SYSTEM32\MSVCR100.dll', fileVersion: 10.0.40219.325
C:\Program Files\Unity\Hub\Editor\6000.0.41f1\Editor\embree.dll:embree.dll (00007FFEF7BA0000), size: 16711680 (result: 0), SymType: '-nosymbols-', PDB: 'C:\Program Files\Unity\Hub\Editor\6000.0.41f1\Editor\embree.dll', fileVersion: 2.14.0.0
C:\WINDOWS\SYSTEM32\cfgmgr32.DLL:cfgmgr32.DLL (00007FFFAF5B0000), size: 319488 (result: 0), SymType: '-nosymbols-', PDB: 'C:\WINDOWS\SYSTEM32\cfgmgr32.DLL', fileVersion: 10.0.22621.2506
C:\WINDOWS\SYSTEM32\MSVCP100.dll:MSVCP100.dll (000000005CE10000), size: 622592 (result: 0), SymType: '-nosymbols-', PDB: 'C:\WINDOWS\SYSTEM32\MSVCP100.dll', fileVersion: 10.0.40219.325
C:\Program Files\Unity\Hub\Editor\6000.0.41f1\Editor\tbb.dll:tbb.dll (00007FFF7DBB0000), size: 303104 (result: 0), SymType: '-nosymbols-', PDB: 'C:\Program Files\Unity\Hub\Editor\6000.0.41f1\Editor\tbb.dll', fileVersion: 2020.3.2022.1111
C:\WINDOWS\SYSTEM32\MSWSOCK.DLL:MSWSOCK.DLL (00007FFFAEE30000), size: 434176 (result: 0), SymType: '-nosymbols-', PDB: 'C:\WINDOWS\SYSTEM32\MSWSOCK.DLL', fileVersion: 10.0.22621.4890
C:\Program Files\Unity\Hub\Editor\6000.0.41f1\Editor\OpenRL_pthread.dll:OpenRL_pthread.dll (0000020608C60000), size: 61440 (result: 0), SymType: '-deferred-', PDB: '', fileVersion: 2.9.0.0
C:\WINDOWS\SYSTEM32\MSASN1.dll:MSASN1.dll (00007FFFAF120000), size: 73728 (result: 0), SymType: '-deferred-', PDB: '', fileVersion: 10.0.22621.2506
C:\WINDOWS\System32\bcryptprimitives.dll:bcryptprimitives.dll (00007FFFAFEA0000), size: 503808 (result: 0), SymType: '-deferred-', PDB: '', fileVersion: 10.0.22621.4317
C:\WINDOWS\SYSTEM32\kernel.appcore.dll:kernel.appcore.dll (00007FFFAE9C0000), size: 98304 (result: 0), SymType: '-deferred-', PDB: '', fileVersion: 10.0.22621.3958
C:\WINDOWS\system32\uxtheme.dll:uxtheme.dll (00007FFFACAE0000), size: 733184 (result: 0), SymType: '-deferred-', PDB: '', fileVersion: 10.0.22621.4974
C:\WINDOWS\SYSTEM32\windows.storage.dll:windows.storage.dll (00007FFFAD8C0000), size: 9490432 (result: 0), SymType: '-deferred-', PDB: '', fileVersion: 10.0.22621.5037
C:\WINDOWS\System32\SHCORE.dll:SHCORE.dll (00007FFFB1E40000), size: 1089536 (result: 0), SymType: '-deferred-', PDB: '', fileVersion: 10.0.22621.4974
C:\WINDOWS\SYSTEM32\profapi.dll:profapi.dll (00007FFFAF8E0000), size: 176128 (result: 0), SymType: '-deferred-', PDB: '', fileVersion: 10.0.22621.4974
C:\WINDOWS\system32\IconCodecService.dll:IconCodecService.dll (00007FFFAAEB0000), size: 36864 (result: 0), SymType: '-deferred-', PDB: '', fileVersion: 10.0.22621.1
C:\WINDOWS\SYSTEM32\WindowsCodecs.dll:WindowsCodecs.dll (00007FFFAC8F0000), size: 1769472 (result: 0), SymType: '-deferred-', PDB: '', fileVersion: 10.0.22621.4830
C:\WINDOWS\System32\clbcatq.dll:clbcatq.dll (00007FFFB1B70000), size: 720896 (result: 0), SymType: '-deferred-', PDB: '', fileVersion: 2001.12.10941.16384
C:\WINDOWS\System32\netprofm.dll:netprofm.dll (00007FFFAB9E0000), size: 491520 (result: 0), SymType: '-deferred-', PDB: '', fileVersion: 10.0.22621.3527
C:\WINDOWS\System32\npmproxy.dll:npmproxy.dll (00007FFFA67C0000), size: 98304 (result: 0), SymType: '-exported-', PDB: 'C:\WINDOWS\System32\npmproxy.dll', fileVersion: 10.0.22621.3527
C:\WINDOWS\System32\NSI.dll:NSI.dll (00007FFFB1670000), size: 36864 (result: 0), SymType: '-nosymbols-', PDB: 'C:\WINDOWS\System32\NSI.dll', fileVersion: 10.0.22621.4746
C:\WINDOWS\SYSTEM32\dhcpcsvc6.DLL:dhcpcsvc6.DLL (00007FFFA8540000), size: 102400 (result: 0), SymType: '-exported-', PDB: 'C:\WINDOWS\SYSTEM32\dhcpcsvc6.DLL', fileVersion: 10.0.22621.2506
C:\WINDOWS\SYSTEM32\dhcpcsvc.DLL:dhcpcsvc.DLL (00007FFFA84A0000), size: 126976 (result: 0), SymType: '-deferred-', PDB: '', fileVersion: 10.0.22621.2506
C:\WINDOWS\SYSTEM32\DNSAPI.dll:DNSAPI.dll (00007FFFAE4A0000), size: 1056768 (result: 0), SymType: '-exported-', PDB: 'C:\WINDOWS\SYSTEM32\DNSAPI.dll', fileVersion: 10.0.22621.4830
C:\WINDOWS\system32\napinsp.dll:napinsp.dll (00007FFF8CF40000), size: 94208 (result: 0), SymType: '-nosymbols-', PDB: 'C:\WINDOWS\system32\napinsp.dll', fileVersion: 10.0.22621.1
C:\WINDOWS\system32\pnrpnsp.dll:pnrpnsp.dll (00007FFF8F100000), size: 110592 (result: 0), SymType: '-nosymbols-', PDB: 'C:\WINDOWS\system32\pnrpnsp.dll', fileVersion: 10.0.22621.1
C:\WINDOWS\System32\winrnr.dll:winrnr.dll (00007FFF8F430000), size: 69632 (result: 0), SymType: '-exported-', PDB: 'C:\WINDOWS\System32\winrnr.dll', fileVersion: 10.0.22621.1
C:\WINDOWS\system32\wshbth.dll:wshbth.dll (00007FFFA8160000), size: 86016 (result: 0), SymType: '-nosymbols-', PDB: 'C:\WINDOWS\system32\wshbth.dll', fileVersion: 10.0.22621.3958
C:\WINDOWS\system32\nlansp_c.dll:nlansp_c.dll (00007FFF5C960000), size: 159744 (result: 0), SymType: '-deferred-', PDB: '', fileVersion: 10.0.22621.4830
C:\WINDOWS\System32\fwpuclnt.dll:fwpuclnt.dll (00007FFFA6D00000), size: 536576 (result: 0), SymType: '-deferred-', PDB: '', fileVersion: 10.0.22621.4249
C:\Windows\System32\rasadhlp.dll:rasadhlp.dll (00007FFFA7630000), size: 40960 (result: 0), SymType: '-nosymbols-', PDB: 'C:\Windows\System32\rasadhlp.dll', fileVersion: 10.0.22621.1
C:\Program Files\Unity\Hub\Editor\6000.0.41f1\Editor\AMDUnityPlugin.DLL:AMDUnityPlugin.DLL (00007FFF09D60000), size: 8814592 (result: 0), SymType: '-deferred-', PDB: ''
C:\Program Files\Unity\Hub\Editor\6000.0.41f1\Editor\NVUnityPlugin.DLL:NVUnityPlugin.DLL (00007FFF27170000), size: 1609728 (result: 8), SymType: '-unknown-', PDB: ''
  ERROR: LoadModule, GetLastError: 'Not enough memory resources are available to process this command.' (Address: 0000000000000000)
C:\Program Files\Unity\Hub\Editor\6000.0.41f1\Editor\Data\Tools\astcenc-avx2.dll:astcenc-avx2.dll (00007FFF6C740000), size: 364544 (result: 8), SymType: '-unknown-', PDB: ''
  ERROR: LoadModule, GetLastError: 'Not enough memory resources are available to process this command.' (Address: 0000000000000000)
C:\WINDOWS\System32\MMDevApi.dll:MMDevApi.dll (00007FFFA6C60000), size: 647168 (result: 8), SymType: '-unknown-', PDB: '', fileVersion: 10.0.22621.4111
  ERROR: LoadModule, GetLastError: 'Not enough memory resources are available to process this command.' (Address: 0000000000000000)
C:\WINDOWS\System32\DEVOBJ.dll:DEVOBJ.dll (00007FFFAF580000), size: 180224 (result: 8), SymType: '-unknown-', PDB: '', fileVersion: 10.0.22621.2506
  ERROR: LoadModule, GetLastError: 'Not enough memory resources are available to process this command.' (Address: 0000000000000000)
C:\WINDOWS\SYSTEM32\directxdatabasehelper.dll:directxdatabasehelper.dll (00007FFFA4CE0000), size: 299008 (result: 8), SymType: '-unknown-', PDB: '', fileVersion: 10.0.22621.4830
  ERROR: LoadModule, GetLastError: 'Not enough memory resources are available to process this command.' (Address: 0000000000000000)
C:\WINDOWS\System32\DriverStore\FileRepository\iigd_dch.inf_amd64_c7d8ede2ab197971\igd10iumd64.dll:igd10iumd64.dll (00007FFF96600000), size: 675840 (result: 8), SymType: '-unknown-', PDB: '', fileVersion: 31.0.101.2125
  ERROR: LoadModule, GetLastError: 'Not enough memory resources are available to process this command.' (Address: 0000000000000000)
C:\WINDOWS\SYSTEM32\apphelp.dll:apphelp.dll (00007FFFABEC0000), size: 618496 (result: 8), SymType: '-unknown-', PDB: '', fileVersion: 10.0.22621.4974
  ERROR: LoadModule, GetLastError: 'Not enough memory resources are available to process this command.' (Address: 0000000000000000)
C:\WINDOWS\System32\DriverStore\FileRepository\iigd_dch.inf_amd64_c7d8ede2ab197971\igd10um64gen11.DLL:igd10um64gen11.DLL (00007FFF966B0000), size: 7421952 (result: 8), SymType: '-unknown-', PDB: '', fileVersion: 31.0.101.2125
  ERROR: LoadModule, GetLastError: 'Not enough memory resources are available to process this command.' (Address: 0000000000000000)
C:\WINDOWS\SYSTEM32\ncrypt.dll:ncrypt.dll (00007FFFAF280000), size: 184320 (result: 8), SymType: '-unknown-', PDB: '', fileVersion: 10.0.22621.4317
  ERROR: LoadModule, GetLastError: 'Not enough memory resources are available to process this command.' (Address: 0000000000000000)
C:\WINDOWS\SYSTEM32\NTASN1.dll:NTASN1.dll (00007FFFAF240000), size: 225280 (result: 8), SymType: '-unknown-', PDB: '', fileVersion: 10.0.22621.1
  ERROR: LoadModule, GetLastError: 'Not enough memory resources are available to process this command.' (Address: 0000000000000000)
C:\WINDOWS\System32\DriverStore\FileRepository\iigd_dch.inf_amd64_c7d8ede2ab197971\igdgmm64.dll:igdgmm64.dll (00007FFF961F0000), size: 4231168 (result: 8), SymType: '-unknown-', PDB: '', fileVersion: 31.0.101.2125
  ERROR: LoadModule, GetLastError: 'Not enough memory resources are available to process this command.' (Address: 0000000000000000)
C:\WINDOWS\System32\DriverStore\FileRepository\iigd_dch.inf_amd64_c7d8ede2ab197971\igc64.dll:igc64.dll (00007FFF92A50000), size: 58277888 (result: 8), SymType: '-unknown-', PDB: '', fileVersion: 31.0.101.2125
  ERROR: LoadModule, GetLastError: 'Not enough memory resources are available to process this command.' (Address: 0000000000000000)
C:\WINDOWS\system32\wbem\wbemprox.dll:wbemprox.dll (00007FFF995E0000), size: 65536 (result: 8), SymType: '-unknown-', PDB: '', fileVersion: 10.0.22621.3672
  ERROR: LoadModule, GetLastError: 'Not enough memory resources are available to process this command.' (Address: 0000000000000000)
C:\WINDOWS\SYSTEM32\wbemcomn.dll:wbemcomn.dll (00007FFF9F5C0000), size: 524288 (result: 8), SymType: '-unknown-', PDB: '', fileVersion: 10.0.22621.2506
  ERROR: LoadModule, GetLastError: 'Not enough memory resources are available to process this command.' (Address: 0000000000000000)
C:\WINDOWS\system32\wbem\wbemsvc.dll:wbemsvc.dll (00007FFF96E10000), size: 81920 (result: 0), SymType: '-deferred-', PDB: '', fileVersion: 10.0.22621.3672
C:\WINDOWS\system32\wbem\fastprox.dll:fastprox.dll (00007FFF92780000), size: 1015808 (result: 0), SymType: '-deferred-', PDB: '', fileVersion: 10.0.22621.4830
C:\WINDOWS\SYSTEM32\amsi.dll:amsi.dll (00007FFF91950000), size: 118784 (result: 0), SymType: '-deferred-', PDB: '', fileVersion: 10.0.22621.3527
C:\WINDOWS\SYSTEM32\USERENV.dll:USERENV.dll (00007FFFAEF40000), size: 163840 (result: 0), SymType: '-deferred-', PDB: '', fileVersion: 10.0.22621.3527
C:\ProgramData\Microsoft\Windows Defender\Platform\4.18.25020.1009-0\MpOav.dll:MpOav.dll (00007FFFA0320000), size: 524288 (result: 0), SymType: '-deferred-', PDB: '', fileVersion: 4.18.25020.1009
C:\WINDOWS\SYSTEM32\opencl.dll:opencl.dll (00007FFFA29C0000), size: 118784 (result: 0), SymType: '-deferred-', PDB: '', fileVersion: 3.0.1.0
C:\Program Files\Unity\Hub\Editor\6000.0.41f1\Editor\radeonrays.dll:radeonrays.dll (00007FFF7B4B0000), size: 344064 (result: 8), SymType: '-unknown-', PDB: ''
  ERROR: LoadModule, GetLastError: 'Not enough memory resources are available to process this command.' (Address: 0000000000000000)
C:\Program Files\Unity\Hub\Editor\6000.0.41f1\Editor\Data\MonoBleedingEdge\EmbedRuntime\mono-2.0-bdwgc.dll:mono-2.0-bdwgc.dll (00007FFEF6460000), size: 10756096 (result: 8), SymType: '-unknown-', PDB: ''
  ERROR: LoadModule, GetLastError: 'Not enough memory resources are available to process this command.' (Address: 0000000000000000)
C:\WINDOWS\SYSTEM32\PROPSYS.dll:PROPSYS.dll (00007FFFAD570000), size: 1073152 (result: 8), SymType: '-unknown-', PDB: '', fileVersion: 7.0.22621.4974
  ERROR: LoadModule, GetLastError: 'Not enough memory resources are available to process this command.' (Address: 0000000000000000)
C:\Windows\System32\Windows.FileExplorer.Common.dll:Windows.FileExplorer.Common.dll (00007FFF8FC90000), size: 757760 (result: 8), SymType: '-unknown-', PDB: '', fileVersion: 10.0.22621.4974
  ERROR: LoadModule, GetLastError: 'Not enough memory resources are available to process this command.' (Address: 0000000000000000)
C:\Windows\System32\Windows.StateRepositoryPS.dll:Windows.StateRepositoryPS.dll (00007FFF8FFF0000), size: 962560 (result: 8), SymType: '-unknown-', PDB: '', fileVersion: 10.0.22621.4036
  ERROR: LoadModule, GetLastError: 'Not enough memory resources are available to process this command.' (Address: 0000000000000000)
C:\WINDOWS\SYSTEM32\windows.staterepositoryclient.dll:windows.staterepositoryclient.dll (00007FFFA4B60000), size: 249856 (result: 8), SymType: '-unknown-', PDB: '', fileVersion: 10.0.22621.4830
  ERROR: LoadModule, GetLastError: 'Not enough memory resources are available to process this command.' (Address: 0000000000000000)
C:\WINDOWS\SYSTEM32\edputil.dll:edputil.dll (00007FFF8F480000), size: 163840 (result: 0), SymType: '-deferred-', PDB: '', fileVersion: 10.0.22621.4830
C:\WINDOWS\SYSTEM32\urlmon.dll:urlmon.dll (00007FFFA5020000), size: 2052096 (result: 0), SymType: '-deferred-', PDB: '', fileVersion: 11.0.22621.5037
C:\WINDOWS\SYSTEM32\netutils.dll:netutils.dll (00007FFFAE420000), size: 49152 (result: 0), SymType: '-deferred-', PDB: '', fileVersion: 10.0.22621.2506
C:\WINDOWS\SYSTEM32\srvcli.dll:srvcli.dll (00007FFF9F240000), size: 163840 (result: 0), SymType: '-deferred-', PDB: '', fileVersion: 10.0.22621.4249
C:\WINDOWS\SYSTEM32\iertutil.dll:iertutil.dll (00007FFF9F270000), size: 2879488 (result: 8), SymType: '-unknown-', PDB: '', fileVersion: 11.0.22621.5037
  ERROR: LoadModule, GetLastError: 'Not enough memory resources are available to process this command.' (Address: 0000000000000000)
C:\Windows\System32\cldapi.dll:cldapi.dll (00007FFF8F4B0000), size: 184320 (result: 0), SymType: '-deferred-', PDB: '', fileVersion: 10.0.22621.2506
C:\WINDOWS\SYSTEM32\virtdisk.dll:virtdisk.dll (00007FFFA6420000), size: 90112 (result: 8), SymType: '-unknown-', PDB: '', fileVersion: 10.0.22621.3672
  ERROR: LoadModule, GetLastError: 'Not enough memory resources are available to process this command.' (Address: 0000000000000000)
C:\WINDOWS\SYSTEM32\Wldp.dll:Wldp.dll (00007FFFAF190000), size: 303104 (result: 0), SymType: '-deferred-', PDB: '', fileVersion: 10.0.22621.4890
C:\Windows\System32\appresolver.dll:appresolver.dll (00007FFF9AB00000), size: 729088 (result: 0), SymType: '-deferred-', PDB: '', fileVersion: 10.0.22621.4974
C:\Windows\System32\Bcp47Langs.dll:Bcp47Langs.dll (00007FFF9ADA0000), size: 393216 (result: 0), SymType: '-deferred-', PDB: '', fileVersion: 10.0.22621.3672
C:\Windows\System32\OneCoreUAPCommonProxyStub.dll:OneCoreUAPCommonProxyStub.dll (00007FFF9E3A0000), size: 6488064 (result: 0), SymType: '-deferred-', PDB: '', fileVersion: 10.0.22621.4974
C:\WINDOWS\SYSTEM32\dbghelp.dll:dbghelp.dll (00007FFFAD310000), size: 2301952 (result: 0), SymType: '-deferred-', PDB: '', fileVersion: 10.0.22621.3593
C:\WINDOWS\System32\psapi.dll:psapi.dll (00007FFFB1370000), size: 32768 (result: 0), SymType: '-deferred-', PDB: '', fileVersion: 10.0.22621.1
  ERROR: SymGetSymFromAddr64, GetLastError: 'Attempt to access invalid address.' (Address: 00007FFFB01BFFBC)
0x00007FFFB01BFFBC (KERNELBASE) (function-name not available)
  ERROR: SymGetSymFromAddr64, GetLastError: 'The specified module could not be found.' (Address: 00007FFEF64D0C1C)
  ERROR: SymGetModuleInfo64, GetLastError: 'A dynamic link library (DLL) initialization routine failed.' (Address: 00007FFEF64D0C1C)
0x00007FFEF64D0C1C ((<unknown>)) (function-name not available)
  ERROR: SymGetSymFromAddr64, GetLastError: 'The specified module could not be found.' (Address: 00007FFEF64BC822)
  ERROR: SymGetModuleInfo64, GetLastError: 'A dynamic link library (DLL) initialization routine failed.' (Address: 00007FFEF64BC822)
0x00007FFEF64BC822 ((<unknown>)) (function-name not available)
  ERROR: SymGetSymFromAddr64, GetLastError: 'The specified module could not be found.' (Address: 00007FFEF64BC8FC)
  ERROR: SymGetModuleInfo64, GetLastError: 'A dynamic link library (DLL) initialization routine failed.' (Address: 00007FFEF64BC8FC)
0x00007FFEF64BC8FC ((<unknown>)) (function-name not available)
  ERROR: SymGetSymFromAddr64, GetLastError: 'The specified module could not be found.' (Address: 00007FFEF66D8C6A)
  ERROR: SymGetModuleInfo64, GetLastError: 'A dynamic link library (DLL) initialization routine failed.' (Address: 00007FFEF66D8C6A)
0x00007FFEF66D8C6A ((<unknown>)) (function-name not available)
  ERROR: SymGetSymFromAddr64, GetLastError: 'The specified module could not be found.' (Address: 00007FFEF66DCD4E)
  ERROR: SymGetModuleInfo64, GetLastError: 'A dynamic link library (DLL) initialization routine failed.' (Address: 00007FFEF66DCD4E)
0x00007FFEF66DCD4E ((<unknown>)) (function-name not available)
  ERROR: SymGetSymFromAddr64, GetLastError: 'The specified module could not be found.' (Address: 00007FFEF66DD497)
  ERROR: SymGetModuleInfo64, GetLastError: 'A dynamic link library (DLL) initialization routine failed.' (Address: 00007FFEF66DD497)
0x00007FFEF66DD497 ((<unknown>)) (function-name not available)
  ERROR: SymGetSymFromAddr64, GetLastError: 'The specified module could not be found.' (Address: 00007FFEF66E42EE)
  ERROR: SymGetModuleInfo64, GetLastError: 'A dynamic link library (DLL) initialization routine failed.' (Address: 00007FFEF66E42EE)
0x00007FFEF66E42EE ((<unknown>)) (function-name not available)
  ERROR: SymGetSymFromAddr64, GetLastError: 'The specified module could not be found.' (Address: 00007FFEF67DE874)
  ERROR: SymGetModuleInfo64, GetLastError: 'A dynamic link library (DLL) initialization routine failed.' (Address: 00007FFEF67DE874)
0x00007FFEF67DE874 ((<unknown>)) (function-name not available)
  ERROR: SymGetSymFromAddr64, GetLastError: 'The specified module could not be found.' (Address: 00007FFEF67DF19A)
  ERROR: SymGetModuleInfo64, GetLastError: 'A dynamic link library (DLL) initialization routine failed.' (Address: 00007FFEF67DF19A)
0x00007FFEF67DF19A ((<unknown>)) (function-name not available)
  ERROR: SymGetSymFromAddr64, GetLastError: 'The specified module could not be found.' (Address: 00000207AE9203A6)
  ERROR: SymGetModuleInfo64, GetLastError: 'A dynamic link library (DLL) initialization routine failed.' (Address: 00000207AE9203A6)
0x00000207AE9203A6 ((<unknown>)) (function-name not available)
0x00000207F85AF653 (Mono JIT Code) System.Collections.Generic.Dictionary`2<UnityEngine.InputSystem.Utilities.InternedString, UnityEngine.InputSystem.Layouts.InputControlLayout/Collection/PrecompiledLayout>:set_Item (UnityEngine.InputSystem.Utilities.InternedString,UnityEngine.InputSystem.Layouts.InputControlLayout/Collection/PrecompiledLayout)
0x00000207F85AEE8B (Mono JIT Code) [.\Library\PackageCache\com.unity.inputsystem@e2c83221d2dc\InputSystem\InputManager.cs:630] UnityEngine.InputSystem.InputManager:RegisterPrecompiledLayout<TDevice_REF> (string) 
0x00000207F85A6143 (Mono JIT Code) [.\Library\PackageCache\com.unity.inputsystem@e2c83221d2dc\InputSystem\InputManager.cs:1940] UnityEngine.InputSystem.InputManager:InitializeData () 
0x00000207F859F97B (Mono JIT Code) [.\Library\PackageCache\com.unity.inputsystem@e2c83221d2dc\InputSystem\InputManager.cs:1816] UnityEngine.InputSystem.InputManager:Initialize (UnityEngine.InputSystem.LowLevel.IInputRuntime,UnityEngine.InputSystem.InputSettings) 
0x00000207F859D74B (Mono JIT Code) [.\Library\PackageCache\com.unity.inputsystem@e2c83221d2dc\InputSystem\InputSystem.cs:3898] UnityEngine.InputSystem.InputSystem:Reset (bool,UnityEngine.InputSystem.LowLevel.IInputRuntime) 
0x00000207F859C383 (Mono JIT Code) [.\Library\PackageCache\com.unity.inputsystem@e2c83221d2dc\InputSystem\InputSystem.cs:3545] UnityEngine.InputSystem.InputSystem:InitializeInEditor (UnityEngine.InputSystem.LowLevel.IInputRuntime) 
0x00000207F85979DB (Mono JIT Code) [.\Library\PackageCache\com.unity.inputsystem@e2c83221d2dc\InputSystem\InputSystem.cs:3509] UnityEngine.InputSystem.InputSystem:.cctor () 
0x00000207F85971A5 (Mono JIT Code) (wrapper runtime-invoke) object:runtime_invoke_void (object,intptr,intptr,intptr)
  ERROR: SymGetSymFromAddr64, GetLastError: 'The specified module could not be found.' (Address: 00007FFEF66E68DE)
  ERROR: SymGetModuleInfo64, GetLastError: 'A dynamic link library (DLL) initialization routine failed.' (Address: 00007FFEF66E68DE)
0x00007FFEF66E68DE ((<unknown>)) (function-name not available)
  ERROR: SymGetSymFromAddr64, GetLastError: 'The specified module could not be found.' (Address: 00007FFEF6628404)
  ERROR: SymGetModuleInfo64, GetLastError: 'A dynamic link library (DLL) initialization routine failed.' (Address: 00007FFEF6628404)
0x00007FFEF6628404 ((<unknown>)) (function-name not available)
  ERROR: SymGetSymFromAddr64, GetLastError: 'The specified module could not be found.' (Address: 00007FFEF66232E5)
  ERROR: SymGetModuleInfo64, GetLastError: 'A dynamic link library (DLL) initialization routine failed.' (Address: 00007FFEF66232E5)
0x00007FFEF66232E5 ((<unknown>)) (function-name not available)
  ERROR: SymGetSymFromAddr64, GetLastError: 'The specified module could not be found.' (Address: 00007FFEF6559F47)
  ERROR: SymGetModuleInfo64, GetLastError: 'A dynamic link library (DLL) initialization routine failed.' (Address: 00007FFEF6559F47)
0x00007FFEF6559F47 ((<unknown>)) (function-name not available)
  ERROR: SymGetSymFromAddr64, GetLastError: 'The specified module could not be found.' (Address: 00007FFEF658CADC)
  ERROR: SymGetModuleInfo64, GetLastError: 'A dynamic link library (DLL) initialization routine failed.' (Address: 00007FFEF658CADC)
0x00007FFEF658CADC ((<unknown>)) (function-name not available)
0x00000207F6D9F34A (Mono JIT Code) (wrapper managed-to-native) System.Runtime.CompilerServices.RuntimeHelpers:RunClassConstructor (intptr)
0x00000207F6D9F25B (Mono JIT Code) System.Runtime.CompilerServices.RuntimeHelpers:RunClassConstructor (System.RuntimeTypeHandle)
0x00000207F6D91E6B (Mono JIT Code) UnityEditor.EditorAssemblies:ProcessInitializeOnLoadAttributes (System.Type[])
0x0000020801003278 (Mono JIT Code) (wrapper runtime-invoke) <Module>:runtime_invoke_void_object (object,intptr,intptr,intptr)
  ERROR: SymGetSymFromAddr64, GetLastError: 'The specified module could not be found.' (Address: 00007FFEF66E68DE)
  ERROR: SymGetModuleInfo64, GetLastError: 'A dynamic link library (DLL) initialization routine failed.' (Address: 00007FFEF66E68DE)
0x00007FFEF66E68DE ((<unknown>)) (function-name not available)
  ERROR: SymGetSymFromAddr64, GetLastError: 'The specified module could not be found.' (Address: 00007FFEF6628404)
  ERROR: SymGetModuleInfo64, GetLastError: 'A dynamic link library (DLL) initialization routine failed.' (Address: 00007FFEF6628404)
0x00007FFEF6628404 ((<unknown>)) (function-name not available)
  ERROR: SymGetSymFromAddr64, GetLastError: 'The specified module could not be found.' (Address: 00007FFEF66284F0)
  ERROR: SymGetModuleInfo64, GetLastError: 'A dynamic link library (DLL) initialization routine failed.' (Address: 00007FFEF66284F0)
0x00007FFEF66284F0 ((<unknown>)) (function-name not available)
  ERROR: SymGetSymFromAddr64, GetLastError: 'Attempt to access invalid address.' (Address: 00007FFEF9ADE324)
0x00007FFEF9ADE324 (Unity) (function-name not available)
  ERROR: SymGetSymFromAddr64, GetLastError: 'Attempt to access invalid address.' (Address: 00007FFEF9AB60A3)
0x00007FFEF9AB60A3 (Unity) (function-name not available)
  ERROR: SymGetSymFromAddr64, GetLastError: 'Attempt to access invalid address.' (Address: 00007FFEF9AB1365)
0x00007FFEF9AB1365 (Unity) (function-name not available)
  ERROR: SymGetSymFromAddr64, GetLastError: 'Attempt to access invalid address.' (Address: 00007FFEF9C2C3D3)
0x00007FFEF9C2C3D3 (Unity) (function-name not available)
  ERROR: SymGetSymFromAddr64, GetLastError: 'Attempt to access invalid address.' (Address: 00007FFEF9AACA7C)
0x00007FFEF9AACA7C (Unity) (function-name not available)
  ERROR: SymGetSymFromAddr64, GetLastError: 'Attempt to access invalid address.' (Address: 00007FFEF9AA40FA)
0x00007FFEF9AA40FA (Unity) (function-name not available)
  ERROR: SymGetSymFromAddr64, GetLastError: 'Attempt to access invalid address.' (Address: 00007FFEFAFDEC85)
0x00007FFEFAFDEC85 (Unity) (function-name not available)
  ERROR: SymGetSymFromAddr64, GetLastError: 'Attempt to access invalid address.' (Address: 00007FFEFB02E5CF)
0x00007FFEFB02E5CF (Unity) (function-name not available)
  ERROR: SymGetSymFromAddr64, GetLastError: 'Attempt to access invalid address.' (Address: 00007FFEFB007FCC)
0x00007FFEFB007FCC (Unity) (function-name not available)
  ERROR: SymGetSymFromAddr64, GetLastError: 'Attempt to access invalid address.' (Address: 00007FFEFB0EBCFE)
0x00007FFEFB0EBCFE (Unity) (function-name not available)
  ERROR: SymGetSymFromAddr64, GetLastError: 'Attempt to access invalid address.' (Address: 00007FFEFB0D958A)
0x00007FFEFB0D958A (Unity) (function-name not available)
  ERROR: SymGetSymFromAddr64, GetLastError: 'Attempt to access invalid address.' (Address: 00007FFEFB0DA8F4)
0x00007FFEFB0DA8F4 (Unity) (function-name not available)
  ERROR: SymGetSymFromAddr64, GetLastError: 'Attempt to access invalid address.' (Address: 00007FFEFB0EA31C)
0x00007FFEFB0EA31C (Unity) (function-name not available)
  ERROR: SymGetSymFromAddr64, GetLastError: 'Attempt to access invalid address.' (Address: 00007FFEFB032646)
0x00007FFEFB032646 (Unity) (function-name not available)
  ERROR: SymGetSymFromAddr64, GetLastError: 'Attempt to access invalid address.' (Address: 00007FFEFB03270B)
0x00007FFEFB03270B (Unity) (function-name not available)
  ERROR: SymGetSymFromAddr64, GetLastError: 'Attempt to access invalid address.' (Address: 00007FFEFA83B238)
0x00007FFEFA83B238 (Unity) (function-name not available)
  ERROR: SymGetSymFromAddr64, GetLastError: 'Attempt to access invalid address.' (Address: 00007FFEFAE43695)
0x00007FFEFAE43695 (Unity) (function-name not available)
  ERROR: SymGetSymFromAddr64, GetLastError: 'Attempt to access invalid address.' (Address: 00007FF7CB212FBA)
0x00007FF7CB212FBA (Unity) (function-name not available)
  ERROR: SymGetSymFromAddr64, GetLastError: 'Attempt to access invalid address.' (Address: 00007FFFB253259D)
0x00007FFFB253259D (KERNEL32) (function-name not available)
  ERROR: SymGetSymFromAddr64, GetLastError: 'Attempt to access invalid address.' (Address: 00007FFFB28CAF38)
0x00007FFFB28CAF38 (ntdll) (function-name not available)

========== END OF STACKTRACE ===========

A crash has been intercepted by the crash handler. For call stack and other details, see the latest crash report generated in:
 * C:/Users/asimk/AppData/Local/Temp/Unity/Editor/Crashes
