#
# There is insufficient memory for the Java Runtime Environment to continue.
# Native memory allocation (mmap) failed to map 536870912 bytes for G1 virtual space
# Possible reasons:
#   The system is out of physical RAM or swap space
#   The process is running with CompressedOops enabled, and the Java Heap may be blocking the growth of the native heap
# Possible solutions:
#   Reduce memory load on the system
#   Increase physical memory or swap space
#   Check if swap backing store is full
#   Decrease Java heap size (-Xmx/-Xms)
#   Decrease number of Java threads
#   Decrease Java thread stack sizes (-Xss)
#   Set larger code cache with -XX:ReservedCodeCacheSize=
#   JVM is running with Zero Based Compressed Oops mode in which the Java heap is
#     placed in the first 32GB address space. The Java Heap base address is the
#     maximum limit for the native heap growth. Please use -XX:HeapBaseMinAddress
#     to set the Java Heap base and to place the Java Heap above 32GB virtual address.
# This output file may be truncated or incomplete.
#
#  Out of Memory Error (os_windows.cpp:3613), pid=54860, tid=17952
#
# JRE version:  (17.0.9+9) (build )
# Java VM: OpenJDK 64-Bit Server VM (17.0.9+9, mixed mode, sharing, tiered, compressed oops, compressed class ptrs, g1 gc, windows-amd64)
# No core dump will be written. Minidumps are not enabled by default on client versions of Windows
#

---------------  S U M M A R Y ------------

Command Line: 

Host: AMD Ryzen 5 5600X 6-Core Processor             , 12 cores, 31G,  Windows 10 , 64 bit Build 19041 (10.0.19041.2546)
Time: Thu Apr 24 16:09:28 2025 AUS Eastern Standard Time elapsed time: 0.205017 seconds (0d 0h 0m 0s)

---------------  T H R E A D  ---------------

Current thread (0x000001a9cfc4faa0):  JavaThread "Unknown thread" [_thread_in_vm, id=17952, stack(0x0000003856c00000,0x0000003856d00000)]

Stack: [0x0000003856c00000,0x0000003856d00000]
Native frames: (J=compiled Java code, j=interpreted, Vv=VM code, C=native code)
V  [jvm.dll+0x67cf49]
V  [jvm.dll+0x83478a]
V  [jvm.dll+0x83624e]
V  [jvm.dll+0x8368b3]
V  [jvm.dll+0x247f1f]
V  [jvm.dll+0x679d69]
V  [jvm.dll+0x66e6ba]
V  [jvm.dll+0x307e5b]
V  [jvm.dll+0x30f306]
V  [jvm.dll+0x35f0ce]
V  [jvm.dll+0x35f2ff]
V  [jvm.dll+0x2dea58]
V  [jvm.dll+0x2df9c4]
V  [jvm.dll+0x806031]
V  [jvm.dll+0x36cf31]
V  [jvm.dll+0x7e4aac]
V  [jvm.dll+0x3f07af]
V  [jvm.dll+0x3f23e1]
C  [jli.dll+0x528f]
C  [ucrtbase.dll+0x21bb2]
C  [KERNEL32.DLL+0x17614]
C  [ntdll.dll+0x526a1]


---------------  P R O C E S S  ---------------

Threads class SMR info:
_java_thread_list=0x00007ffe3e6bee98, length=0, elements={
}

Java Threads: ( => current thread )

Other Threads:
  0x000001a9cfcfba00 GCTaskThread "GC Thread#0" [stack: 0x0000003856d00000,0x0000003856e00000] [id=58528]
  0x000001a9cfd0e050 ConcurrentGCThread "G1 Main Marker" [stack: 0x0000003856e00000,0x0000003856f00000] [id=57588]
  0x000001a9cfd0ea70 ConcurrentGCThread "G1 Conc#0" [stack: 0x0000003856f00000,0x0000003857000000] [id=45580]

[error occurred during error reporting (printing all threads), id 0xc0000005, EXCEPTION_ACCESS_VIOLATION (0xc0000005) at pc=0x00007ffe3de7f497]

VM state: not at safepoint (not fully initialized)

VM Mutex/Monitor currently owned by a thread:  ([mutex/lock_event])
[0x000001a9cfc49570] Heap_lock - owner thread: 0x000001a9cfc4faa0

Heap address: 0x0000000601400000, size: 8172 MB, Compressed Oops mode: Zero based, Oop shift amount: 3

CDS archive(s) mapped at: [0x0000000000000000-0x0000000000000000-0x0000000000000000), size 0, SharedBaseAddress: 0x0000000800000000, ArchiveRelocationMode: 1.
Narrow klass base: 0x0000000000000000, Narrow klass shift: 0, Narrow klass range: 0x0

GC Precious Log:
<Empty>

Heap:
 garbage-first heap   total 0K, used 0K [0x0000000601400000, 0x0000000800000000)
  region size 4096K, 0 young (0K), 0 survivors (0K)

[error occurred during error reporting (printing heap information), id 0xc0000005, EXCEPTION_ACCESS_VIOLATION (0xc0000005) at pc=0x00007ffe3e266c79]

GC Heap History (0 events):
No events

Dll operation events (1 events):
Event: 0.184 Loaded shared library D:\Unity\6000.0.44f1\Editor\Data\PlaybackEngines\AndroidPlayer\OpenJDK\bin\java.dll

Deoptimization events (0 events):
No events

Classes unloaded (0 events):
No events

Classes redefined (0 events):
No events

Internal exceptions (0 events):
No events

VM Operations (0 events):
No events

Events (0 events):
No events


Dynamic libraries:
0x00007ff7bfd10000 - 0x00007ff7bfd1e000 	D:\Unity\6000.0.44f1\Editor\Data\PlaybackEngines\AndroidPlayer\OpenJDK\bin\java.exe
0x00007ffeff0f0000 - 0x00007ffeff2e8000 	C:\Windows\SYSTEM32\ntdll.dll
0x00007ffefdd90000 - 0x00007ffefde4f000 	C:\Windows\System32\KERNEL32.DLL
0x00007ffefcd20000 - 0x00007ffefcff2000 	C:\Windows\System32\KERNELBASE.dll
0x00007ffefc7f0000 - 0x00007ffefc8f0000 	C:\Windows\System32\ucrtbase.dll
0x00007ffeca9a0000 - 0x00007ffeca9b7000 	D:\Unity\6000.0.44f1\Editor\Data\PlaybackEngines\AndroidPlayer\OpenJDK\bin\jli.dll
0x00007ffefd5a0000 - 0x00007ffefd741000 	C:\Windows\System32\USER32.dll
0x00007ffee9c70000 - 0x00007ffee9f0a000 	C:\Windows\WinSxS\amd64_microsoft.windows.common-controls_6595b64144ccf1df_6.0.19041.1110_none_60b5254171f9507e\COMCTL32.dll
0x00007ffefca40000 - 0x00007ffefca62000 	C:\Windows\System32\win32u.dll
0x00007ffefe5d0000 - 0x00007ffefe5fb000 	C:\Windows\System32\GDI32.dll
0x00007ffefdcf0000 - 0x00007ffefdd8e000 	C:\Windows\System32\msvcrt.dll
0x00007ffefd000000 - 0x00007ffefd10f000 	C:\Windows\System32\gdi32full.dll
0x00007ffefc8f0000 - 0x00007ffefc98d000 	C:\Windows\System32\msvcp_win.dll
0x00007ffeca980000 - 0x00007ffeca99b000 	D:\Unity\6000.0.44f1\Editor\Data\PlaybackEngines\AndroidPlayer\OpenJDK\bin\VCRUNTIME140.dll
0x00007ffeff080000 - 0x00007ffeff0b0000 	C:\Windows\System32\IMM32.DLL
0x00007ffef3e30000 - 0x00007ffef3e3c000 	D:\Unity\6000.0.44f1\Editor\Data\PlaybackEngines\AndroidPlayer\OpenJDK\bin\vcruntime140_1.dll
0x00007ffea3510000 - 0x00007ffea359d000 	D:\Unity\6000.0.44f1\Editor\Data\PlaybackEngines\AndroidPlayer\OpenJDK\bin\msvcp140.dll
0x00007ffe3db90000 - 0x00007ffe3e7f1000 	D:\Unity\6000.0.44f1\Editor\Data\PlaybackEngines\AndroidPlayer\OpenJDK\bin\server\jvm.dll
0x00007ffefee10000 - 0x00007ffefeebe000 	C:\Windows\System32\ADVAPI32.dll
0x00007ffefd500000 - 0x00007ffefd59c000 	C:\Windows\System32\sechost.dll
0x00007ffefd140000 - 0x00007ffefd264000 	C:\Windows\System32\RPCRT4.dll
0x00007ffefbd80000 - 0x00007ffefbdcb000 	C:\Windows\SYSTEM32\POWRPROF.dll
0x00007ffedbd30000 - 0x00007ffedbd39000 	C:\Windows\SYSTEM32\WSOCK32.dll
0x00007ffef2e90000 - 0x00007ffef2eb7000 	C:\Windows\SYSTEM32\WINMM.dll
0x00007ffefde50000 - 0x00007ffefdebb000 	C:\Windows\System32\WS2_32.dll
0x00007ffef5420000 - 0x00007ffef542a000 	C:\Windows\SYSTEM32\VERSION.dll
0x00007ffefbbf0000 - 0x00007ffefbc02000 	C:\Windows\SYSTEM32\UMPDC.dll
0x00007ffefa670000 - 0x00007ffefa682000 	C:\Windows\SYSTEM32\kernel.appcore.dll
0x00007ffef3d50000 - 0x00007ffef3d5a000 	D:\Unity\6000.0.44f1\Editor\Data\PlaybackEngines\AndroidPlayer\OpenJDK\bin\jimage.dll
0x00007ffef1670000 - 0x00007ffef1854000 	C:\Windows\SYSTEM32\DBGHELP.DLL
0x00007ffedd230000 - 0x00007ffedd265000 	C:\Windows\SYSTEM32\dbgcore.DLL
0x00007ffefcc90000 - 0x00007ffefcd12000 	C:\Windows\System32\bcryptPrimitives.dll
0x00007ffec9d50000 - 0x00007ffec9d75000 	D:\Unity\6000.0.44f1\Editor\Data\PlaybackEngines\AndroidPlayer\OpenJDK\bin\java.dll

dbghelp: loaded successfully - version: 4.0.5 - missing functions: none
symbol engine: initialized successfully - sym options: 0x614 - pdb path: .;D:\Unity\6000.0.44f1\Editor\Data\PlaybackEngines\AndroidPlayer\OpenJDK\bin;C:\Windows\SYSTEM32;C:\Windows\WinSxS\amd64_microsoft.windows.common-controls_6595b64144ccf1df_6.0.19041.1110_none_60b5254171f9507e;D:\Unity\6000.0.44f1\Editor\Data\PlaybackEngines\AndroidPlayer\OpenJDK\bin\server

VM Arguments:
java_command: <unknown>
java_class_path (initial): <not set>
Launcher Type: SUN_STANDARD

[Global flags]
     intx CICompilerCount                          = 4                                         {product} {ergonomic}
     uint ConcGCThreads                            = 3                                         {product} {ergonomic}
     uint G1ConcRefinementThreads                  = 10                                        {product} {ergonomic}
   size_t G1HeapRegionSize                         = 4194304                                   {product} {ergonomic}
    uintx GCDrainStackTargetSize                   = 64                                        {product} {ergonomic}
   size_t InitialHeapSize                          = 536870912                                 {product} {ergonomic}
   size_t MarkStackSize                            = 4194304                                   {product} {ergonomic}
   size_t MaxHeapSize                              = 8568963072                                {product} {ergonomic}
   size_t MinHeapDeltaBytes                        = 4194304                                   {product} {ergonomic}
   size_t MinHeapSize                              = 8388608                                   {product} {ergonomic}
    uintx NonNMethodCodeHeapSize                   = 5839372                                {pd product} {ergonomic}
    uintx NonProfiledCodeHeapSize                  = 122909434                              {pd product} {ergonomic}
    uintx ProfiledCodeHeapSize                     = 122909434                              {pd product} {ergonomic}
    uintx ReservedCodeCacheSize                    = 251658240                              {pd product} {ergonomic}
     bool SegmentedCodeCache                       = true                                      {product} {ergonomic}
   size_t SoftMaxHeapSize                          = 8568963072                             {manageable} {ergonomic}
     bool UseCompressedClassPointers               = true                           {product lp64_product} {ergonomic}
     bool UseCompressedOops                        = true                           {product lp64_product} {ergonomic}
     bool UseG1GC                                  = true                                      {product} {ergonomic}
     bool UseLargePagesIndividualAllocation        = false                                  {pd product} {ergonomic}

Logging:
Log output configuration:
 #0: stdout all=warning uptime,level,tags
 #1: stderr all=off uptime,level,tags

Environment Variables:
JAVA_HOME=D:\Unity\6000.0.44f1\Editor\Data\PlaybackEngines\AndroidPlayer\OpenJDK
PATH=C:\Program Files\Oculus\Support\oculus-runtime;C:\Program Files\ARX-3.9.1\bin;C:\Users\Orgil-Erdene\AppData\Local\Programs\Python\Python310\Scripts;C:\Users\Orgil-Erdene\AppData\Local\Programs\Python\Python310;C:\Python311\Scripts\;C:\Python311\;C:\Program Files\Common Files\Oracle\Java\javapath;c:\programdata\anaconda3;c:\programdata\anaconda3\library\mingw-w64\bin;c:\programdata\anaconda3\library\usr\bin;c:\programdata\anaconda3\library\bin;c:\programdata\anaconda3\scripts;c:\program files (x86)\common files\intel\shared libraries\redist\intel64\compiler;c:\programdata\oracle\java\javapath;c:\program files (x86)\intel\icls client\;c:\program files\intel\icls client\;c:\windows\system32;c:\windows;c:\windows\system32\wbem;c:\windows\system32\windowspowershell\v1.0\;c:\program files (x86)\intel\intel(r) management engine components\dal;c:\program files\intel\intel(r) management engine components\dal;c:\program files (x86)\intel\intel(r) management engine components\ipt;c:\program files\intel\intel(r) management engine components\ipt;c:\program files (x86)\gtksharp\2.12\bin;c:\windows\system32;c:\windows;c:\windows\system32\wbem;c:\windows\system32\windowspowershell\v1.0\;c:\program files\common;c:\Program Files\Git\cmd;C:\Program Files\dotnet\;C:\Program Files\nodejs;C:\src\flutter\bin;C:\Program Files\Microsoft SQL Server\150\Tools\Binn\;C:\Program Files\Microsoft SQL Server\Client SDK\ODBC\170\Tools\Binn\;C:\ProgramData\chocolatey\bin;C:\Users\Orgil-Erdene\AppData\Roaming\npm;C:\Users\Orgil-Erdene\AppData\Local\Packages\PythonSoftwareFoundation.Python.3.8_qbz5n2kfra8p0\LocalCache\local-packages\Python38\Scripts;C:\Program Files\Microsoft SQL Server\120\Tools\Binn\;C:\Program Files\Common Files\Autodesk Shared\;C:\Porgram Files\caddy;C:\Users\Orgil-Erdene\AppData\Local\Pub\Cache\bin;c:\windows\system32\openssh\;C:\adb;C:\Program Files\CMake\bin;C:\Users\Orgil-Erdene\vcpkg;C:\Program Files\nodejs\;C:\Program Files (x86)\Windows Kits\10\Windows Performance Toolkit\
USERNAME=Orgil-Erdene
OS=Windows_NT
PROCESSOR_IDENTIFIER=AMD64 Family 25 Model 33 Stepping 0, AuthenticAMD
TMP=C:\Users\ORGIL-~1\AppData\Local\Temp
TEMP=C:\Users\ORGIL-~1\AppData\Local\Temp



Periodic native trim disabled


---------------  S Y S T E M  ---------------

OS:
 Windows 10 , 64 bit Build 19041 (10.0.19041.2546)
OS uptime: 2 days 21:29 hours
Hyper-V role detected

CPU: total 12 (initial active 12) (12 cores per cpu, 2 threads per core) family 25 model 33 stepping 0 microcode 0x0, cx8, cmov, fxsr, ht, mmx, 3dnowpref, sse, sse2, sse3, ssse3, sse4a, sse4.1, sse4.2, popcnt, lzcnt, tsc, tscinvbit, avx, avx2, aes, erms, clmul, bmi1, bmi2, adx, sha, fma, vzeroupper, clflush, clflushopt, hv
Processor Information for all 12 processors :
  Max Mhz: 3701, Current Mhz: 3701, Mhz Limit: 3701

Memory: 4k page, system-wide physical 32677M (3303M free)
TotalPageFile size 49061M (AvailPageFile size 406M)
current process WorkingSet (physical memory assigned to process): 10M, peak: 10M
current process commit charge ("private bytes"): 64M, peak: 576M

vm_info: OpenJDK 64-Bit Server VM (17.0.9+9) for windows-amd64 JRE (17.0.9+9), built on Oct 26 2023 14:01:42 by "admin" with MS VC++ 16.10 / 16.11 (VS2019)

END.
